#! /usr/bin/vvp
:ivl_version "11.0 (stable)";
:ivl_delay_selection "TYPICAL";
:vpi_time_precision - 12;
:vpi_module "/usr/lib/x86_64-linux-gnu/ivl/system.vpi";
:vpi_module "/usr/lib/x86_64-linux-gnu/ivl/vhdl_sys.vpi";
:vpi_module "/usr/lib/x86_64-linux-gnu/ivl/vhdl_textio.vpi";
:vpi_module "/usr/lib/x86_64-linux-gnu/ivl/v2005_math.vpi";
:vpi_module "/usr/lib/x86_64-linux-gnu/ivl/va_math.vpi";
S_0x560ab1dcfdf0 .scope module, "tb_zlc16" "tb_zlc16" 2 2;
 .timescale -9 -12;
v0x560ab1e1d740_0 .var "A", 15 0;
v0x560ab1e1d800_0 .net "Y", 4 0, v0x560ab1dd1c00_0;  1 drivers
S_0x560ab1dcff80 .scope module, "uut" "zlc16" 2 6, 3 1 0, S_0x560ab1dcfdf0;
 .timescale 0 0;
    .port_info 0 /INPUT 16 "A";
    .port_info 1 /OUTPUT 5 "Y";
v0x560ab1dd17f0_0 .net "A", 15 0, v0x560ab1e1d740_0;  1 drivers
v0x560ab1dd1c00_0 .var "Y", 4 0;
E_0x560ab1e0c600 .event edge, v0x560ab1dd17f0_0;
    .scope S_0x560ab1dcff80;
T_0 ;
    %wait E_0x560ab1e0c600;
    %load/vec4 v0x560ab1dd17f0_0;
    %dup/vec4;
    %pushi/vec4 65535, 32767, 16;
    %cmp/x;
    %jmp/1 T_0.0, 4;
    %dup/vec4;
    %pushi/vec4 32767, 16383, 16;
    %cmp/x;
    %jmp/1 T_0.1, 4;
    %dup/vec4;
    %pushi/vec4 16383, 8191, 16;
    %cmp/x;
    %jmp/1 T_0.2, 4;
    %dup/vec4;
    %pushi/vec4 8191, 4095, 16;
    %cmp/x;
    %jmp/1 T_0.3, 4;
    %dup/vec4;
    %pushi/vec4 4095, 2047, 16;
    %cmp/x;
    %jmp/1 T_0.4, 4;
    %dup/vec4;
    %pushi/vec4 2047, 1023, 16;
    %cmp/x;
    %jmp/1 T_0.5, 4;
    %dup/vec4;
    %pushi/vec4 1023, 511, 16;
    %cmp/x;
    %jmp/1 T_0.6, 4;
    %dup/vec4;
    %pushi/vec4 511, 255, 16;
    %cmp/x;
    %jmp/1 T_0.7, 4;
    %dup/vec4;
    %pushi/vec4 255, 127, 16;
    %cmp/x;
    %jmp/1 T_0.8, 4;
    %dup/vec4;
    %pushi/vec4 127, 63, 16;
    %cmp/x;
    %jmp/1 T_0.9, 4;
    %dup/vec4;
    %pushi/vec4 63, 31, 16;
    %cmp/x;
    %jmp/1 T_0.10, 4;
    %dup/vec4;
    %pushi/vec4 31, 15, 16;
    %cmp/x;
    %jmp/1 T_0.11, 4;
    %dup/vec4;
    %pushi/vec4 15, 7, 16;
    %cmp/x;
    %jmp/1 T_0.12, 4;
    %dup/vec4;
    %pushi/vec4 7, 3, 16;
    %cmp/x;
    %jmp/1 T_0.13, 4;
    %dup/vec4;
    %pushi/vec4 3, 1, 16;
    %cmp/x;
    %jmp/1 T_0.14, 4;
    %dup/vec4;
    %pushi/vec4 1, 0, 16;
    %cmp/x;
    %jmp/1 T_0.15, 4;
    %dup/vec4;
    %pushi/vec4 0, 0, 16;
    %cmp/x;
    %jmp/1 T_0.16, 4;
    %jmp T_0.17;
T_0.0 ;
    %pushi/vec4 0, 0, 5;
    %store/vec4 v0x560ab1dd1c00_0, 0, 5;
    %jmp T_0.17;
T_0.1 ;
    %pushi/vec4 1, 0, 5;
    %store/vec4 v0x560ab1dd1c00_0, 0, 5;
    %jmp T_0.17;
T_0.2 ;
    %pushi/vec4 2, 0, 5;
    %store/vec4 v0x560ab1dd1c00_0, 0, 5;
    %jmp T_0.17;
T_0.3 ;
    %pushi/vec4 3, 0, 5;
    %store/vec4 v0x560ab1dd1c00_0, 0, 5;
    %jmp T_0.17;
T_0.4 ;
    %pushi/vec4 4, 0, 5;
    %store/vec4 v0x560ab1dd1c00_0, 0, 5;
    %jmp T_0.17;
T_0.5 ;
    %pushi/vec4 5, 0, 5;
    %store/vec4 v0x560ab1dd1c00_0, 0, 5;
    %jmp T_0.17;
T_0.6 ;
    %pushi/vec4 6, 0, 5;
    %store/vec4 v0x560ab1dd1c00_0, 0, 5;
    %jmp T_0.17;
T_0.7 ;
    %pushi/vec4 7, 0, 5;
    %store/vec4 v0x560ab1dd1c00_0, 0, 5;
    %jmp T_0.17;
T_0.8 ;
    %pushi/vec4 8, 0, 5;
    %store/vec4 v0x560ab1dd1c00_0, 0, 5;
    %jmp T_0.17;
T_0.9 ;
    %pushi/vec4 9, 0, 5;
    %store/vec4 v0x560ab1dd1c00_0, 0, 5;
    %jmp T_0.17;
T_0.10 ;
    %pushi/vec4 10, 0, 5;
    %store/vec4 v0x560ab1dd1c00_0, 0, 5;
    %jmp T_0.17;
T_0.11 ;
    %pushi/vec4 11, 0, 5;
    %store/vec4 v0x560ab1dd1c00_0, 0, 5;
    %jmp T_0.17;
T_0.12 ;
    %pushi/vec4 12, 0, 5;
    %store/vec4 v0x560ab1dd1c00_0, 0, 5;
    %jmp T_0.17;
T_0.13 ;
    %pushi/vec4 13, 0, 5;
    %store/vec4 v0x560ab1dd1c00_0, 0, 5;
    %jmp T_0.17;
T_0.14 ;
    %pushi/vec4 14, 0, 5;
    %store/vec4 v0x560ab1dd1c00_0, 0, 5;
    %jmp T_0.17;
T_0.15 ;
    %pushi/vec4 15, 0, 5;
    %store/vec4 v0x560ab1dd1c00_0, 0, 5;
    %jmp T_0.17;
T_0.16 ;
    %pushi/vec4 16, 0, 5;
    %store/vec4 v0x560ab1dd1c00_0, 0, 5;
    %jmp T_0.17;
T_0.17 ;
    %pop/vec4 1;
    %jmp T_0;
    .thread T_0, $push;
    .scope S_0x560ab1dcfdf0;
T_1 ;
    %vpi_call 2 11 "$dumpfile", "zlc16.vcd" {0 0 0};
    %vpi_call 2 12 "$dumpvars", 32'sb00000000000000000000000000000000, S_0x560ab1dcfdf0 {0 0 0};
    %pushi/vec4 5664, 0, 16;
    %store/vec4 v0x560ab1e1d740_0, 0, 16;
    %pushi/vec4 61440, 0, 16;
    %store/vec4 v0x560ab1e1d740_0, 0, 16;
    %pushi/vec4 0, 0, 16;
    %store/vec4 v0x560ab1e1d740_0, 0, 16;
    %vpi_call 2 17 "$finish" {0 0 0};
    %end;
    .thread T_1;
# The file index is used to find the file name in the following table.
:file_names 4;
    "N/A";
    "<interactive>";
    "frontend/tb/tb_zlc16.v";
    "frontend/rtl/zlc16.v";
