
Circuit 1 cell sky130_fd_pr__pfet_01v8_hvt and Circuit 2 cell sky130_fd_pr__pfet_01v8_hvt are black boxes.
Warning: Equate pins:  cell sky130_fd_pr__pfet_01v8_hvt is a placeholder, treated as a black box.
Warning: Equate pins:  cell sky130_fd_pr__pfet_01v8_hvt is a placeholder, treated as a black box.

Subcircuit pins:
Circuit 1: sky130_fd_pr__pfet_01v8_hvt     |Circuit 2: sky130_fd_pr__pfet_01v8_hvt     
-------------------------------------------|-------------------------------------------
1                                          |1                                          
2                                          |2                                          
3                                          |3                                          
4                                          |4                                          
---------------------------------------------------------------------------------------
Cell pin lists are equivalent.
Device classes sky130_fd_pr__pfet_01v8_hvt and sky130_fd_pr__pfet_01v8_hvt are equivalent.

Circuit 1 cell sky130_fd_pr__nfet_01v8 and Circuit 2 cell sky130_fd_pr__nfet_01v8 are black boxes.
Warning: Equate pins:  cell sky130_fd_pr__nfet_01v8 is a placeholder, treated as a black box.
Warning: Equate pins:  cell sky130_fd_pr__nfet_01v8 is a placeholder, treated as a black box.

Subcircuit pins:
Circuit 1: sky130_fd_pr__nfet_01v8         |Circuit 2: sky130_fd_pr__nfet_01v8         
-------------------------------------------|-------------------------------------------
1                                          |1                                          
2                                          |2                                          
3                                          |3                                          
4                                          |4                                          
---------------------------------------------------------------------------------------
Cell pin lists are equivalent.
Device classes sky130_fd_pr__nfet_01v8 and sky130_fd_pr__nfet_01v8 are equivalent.

Subcircuit summary:
Circuit 1: sky130_fd_sc_hd__or2_1          |Circuit 2: sky130_fd_sc_hd__or2_1          
-------------------------------------------|-------------------------------------------
sky130_fd_pr__pfet_01v8_hvt (3)            |sky130_fd_pr__pfet_01v8_hvt (3)            
sky130_fd_pr__nfet_01v8 (3)                |sky130_fd_pr__nfet_01v8 (3)                
Number of devices: 6                       |Number of devices: 6                       
Number of nets: 9                          |Number of nets: 9                          
---------------------------------------------------------------------------------------
Netlists match uniquely.

Subcircuit pins:
Circuit 1: sky130_fd_sc_hd__or2_1          |Circuit 2: sky130_fd_sc_hd__or2_1          
-------------------------------------------|-------------------------------------------
VGND                                       |VGND                                       
VNB                                        |VNB                                        
VPB                                        |VPB                                        
A                                          |A                                          
B                                          |B                                          
X                                          |X                                          
VPWR                                       |VPWR                                       
---------------------------------------------------------------------------------------
Cell pin lists are equivalent.
Device classes sky130_fd_sc_hd__or2_1 and sky130_fd_sc_hd__or2_1 are equivalent.

Subcircuit summary:
Circuit 1: sky130_fd_sc_hd__inv_1          |Circuit 2: sky130_fd_sc_hd__inv_1          
-------------------------------------------|-------------------------------------------
sky130_fd_pr__nfet_01v8 (1)                |sky130_fd_pr__nfet_01v8 (1)                
sky130_fd_pr__pfet_01v8_hvt (1)            |sky130_fd_pr__pfet_01v8_hvt (1)            
Number of devices: 2                       |Number of devices: 2                       
Number of nets: 6                          |Number of nets: 6                          
---------------------------------------------------------------------------------------
Netlists match uniquely.

Subcircuit pins:
Circuit 1: sky130_fd_sc_hd__inv_1          |Circuit 2: sky130_fd_sc_hd__inv_1          
-------------------------------------------|-------------------------------------------
Y                                          |Y                                          
A                                          |A                                          
VGND                                       |VGND                                       
VNB                                        |VNB                                        
VPWR                                       |VPWR                                       
VPB                                        |VPB                                        
---------------------------------------------------------------------------------------
Cell pin lists are equivalent.
Device classes sky130_fd_sc_hd__inv_1 and sky130_fd_sc_hd__inv_1 are equivalent.

Subcircuit summary:
Circuit 1: lzc2                            |Circuit 2: lzc2                            
-------------------------------------------|-------------------------------------------
sky130_fd_sc_hd__or2_1 (1)                 |sky130_fd_sc_hd__or2_1 (1)                 
sky130_fd_sc_hd__inv_1 (1)                 |sky130_fd_sc_hd__inv_1 (1)                 
Number of devices: 2                       |Number of devices: 2                       
Number of nets: 6                          |Number of nets: 6                          
---------------------------------------------------------------------------------------
Netlists match uniquely.

Subcircuit pins:
Circuit 1: lzc2                            |Circuit 2: lzc2                            
-------------------------------------------|-------------------------------------------
GND                                        |GND                                        
VDD                                        |VDD                                        
LO                                         |LO                                         
V                                          |V                                          
P                                          |P                                          
HI                                         |HI                                         
---------------------------------------------------------------------------------------
Cell pin lists are equivalent.
Device classes lzc2 and lzc2 are equivalent.

Subcircuit summary:
Circuit 1: sky130_fd_sc_hd__mux2_1         |Circuit 2: sky130_fd_sc_hd__mux2_1         
-------------------------------------------|-------------------------------------------
sky130_fd_pr__pfet_01v8_hvt (6)            |sky130_fd_pr__pfet_01v8_hvt (6)            
sky130_fd_pr__nfet_01v8 (6)                |sky130_fd_pr__nfet_01v8 (6)                
Number of devices: 12                      |Number of devices: 12                      
Number of nets: 14                         |Number of nets: 14                         
---------------------------------------------------------------------------------------
Netlists match uniquely.

Subcircuit pins:
Circuit 1: sky130_fd_sc_hd__mux2_1         |Circuit 2: sky130_fd_sc_hd__mux2_1         
-------------------------------------------|-------------------------------------------
VPB                                        |VPB                                        
VNB                                        |VNB                                        
A0                                         |A0                                         
A1                                         |A1                                         
X                                          |X                                          
VPWR                                       |VPWR                                       
S                                          |S                                          
VGND                                       |VGND                                       
---------------------------------------------------------------------------------------
Cell pin lists are equivalent.
Device classes sky130_fd_sc_hd__mux2_1 and sky130_fd_sc_hd__mux2_1 are equivalent.

Subcircuit summary:
Circuit 1: lzc4                            |Circuit 2: lzc4                            
-------------------------------------------|-------------------------------------------
lzc2 (2)                                   |lzc2 (2)                                   
sky130_fd_sc_hd__or2_1 (1)                 |sky130_fd_sc_hd__or2_1 (1)                 
sky130_fd_sc_hd__inv_1 (1)                 |sky130_fd_sc_hd__inv_1 (1)                 
sky130_fd_sc_hd__mux2_1 (1)                |sky130_fd_sc_hd__mux2_1 (1)                
Number of devices: 5                       |Number of devices: 5                       
Number of nets: 13                         |Number of nets: 13                         
---------------------------------------------------------------------------------------
Netlists match uniquely.

Subcircuit pins:
Circuit 1: lzc4                            |Circuit 2: lzc4                            
-------------------------------------------|-------------------------------------------
P1                                         |P1                                         
VDD                                        |VDD                                        
GND                                        |GND                                        
A[2]                                       |A[2]                                       
A[3]                                       |A[3]                                       
A[0]                                       |A[0]                                       
A[1]                                       |A[1]                                       
V                                          |V                                          
P0                                         |P0                                         
---------------------------------------------------------------------------------------
Cell pin lists are equivalent.
Device classes lzc4 and lzc4 are equivalent.

Subcircuit summary:
Circuit 1: lzc8                            |Circuit 2: lzc8                            
-------------------------------------------|-------------------------------------------
lzc4 (2)                                   |lzc4 (2)                                   
sky130_fd_sc_hd__or2_1 (1)                 |sky130_fd_sc_hd__or2_1 (1)                 
sky130_fd_sc_hd__inv_1 (1)                 |sky130_fd_sc_hd__inv_1 (1)                 
sky130_fd_sc_hd__mux2_1 (2)                |sky130_fd_sc_hd__mux2_1 (2)                
Number of devices: 6                       |Number of devices: 6                       
Number of nets: 20                         |Number of nets: 20                         
---------------------------------------------------------------------------------------
Netlists match uniquely.

Subcircuit pins:
Circuit 1: lzc8                            |Circuit 2: lzc8                            
-------------------------------------------|-------------------------------------------
VDD                                        |VDD                                        
GND                                        |GND                                        
P2                                         |P2                                         
A[0]                                       |A[0]                                       
A[1]                                       |A[1]                                       
A[2]                                       |A[2]                                       
A[3]                                       |A[3]                                       
A[4]                                       |A[4]                                       
A[5]                                       |A[5]                                       
A[6]                                       |A[6]                                       
A[7]                                       |A[7]                                       
V                                          |V                                          
P0                                         |P0                                         
P1                                         |P1                                         
---------------------------------------------------------------------------------------
Cell pin lists are equivalent.
Device classes lzc8 and lzc8 are equivalent.

Subcircuit summary:
Circuit 1: sky130_fd_sc_hd__and2_1         |Circuit 2: sky130_fd_sc_hd__and2_1         
-------------------------------------------|-------------------------------------------
sky130_fd_pr__nfet_01v8 (3)                |sky130_fd_pr__nfet_01v8 (3)                
sky130_fd_pr__pfet_01v8_hvt (3)            |sky130_fd_pr__pfet_01v8_hvt (3)            
Number of devices: 6                       |Number of devices: 6                       
Number of nets: 9                          |Number of nets: 9                          
---------------------------------------------------------------------------------------
Netlists match uniquely.

Subcircuit pins:
Circuit 1: sky130_fd_sc_hd__and2_1         |Circuit 2: sky130_fd_sc_hd__and2_1         
-------------------------------------------|-------------------------------------------
VPWR                                       |VPWR                                       
VPB                                        |VPB                                        
VNB                                        |VNB                                        
B                                          |B                                          
X                                          |X                                          
VGND                                       |VGND                                       
A                                          |A                                          
---------------------------------------------------------------------------------------
Cell pin lists are equivalent.
Device classes sky130_fd_sc_hd__and2_1 and sky130_fd_sc_hd__and2_1 are equivalent.

Subcircuit summary:
Circuit 1: lzc16                           |Circuit 2: lzc16                           
-------------------------------------------|-------------------------------------------
lzc8 (2)                                   |lzc8 (2)                                   
sky130_fd_sc_hd__or2_1 (1)                 |sky130_fd_sc_hd__or2_1 (1)                 
sky130_fd_sc_hd__inv_1 (2)                 |sky130_fd_sc_hd__inv_1 (2)                 
sky130_fd_sc_hd__mux2_1 (3)                |sky130_fd_sc_hd__mux2_1 (3)                
sky130_fd_sc_hd__and2_1 (4)                |sky130_fd_sc_hd__and2_1 (4)                
Number of devices: 12                      |Number of devices: 12                      
Number of nets: 36                         |Number of nets: 36                         
---------------------------------------------------------------------------------------
Netlists match uniquely.

Subcircuit pins:
Circuit 1: lzc16                           |Circuit 2: lzc16                           
-------------------------------------------|-------------------------------------------
GND                                        |GND                                        
VDD                                        |VDD                                        
A[15]                                      |A[15]                                      
A[14]                                      |A[14]                                      
A[13]                                      |A[13]                                      
A[12]                                      |A[12]                                      
A[11]                                      |A[11]                                      
A[10]                                      |A[10]                                      
A[9]                                       |A[9]                                       
A[8]                                       |A[8]                                       
A[7]                                       |A[7]                                       
A[6]                                       |A[6]                                       
A[5]                                       |A[5]                                       
A[4]                                       |A[4]                                       
A[3]                                       |A[3]                                       
A[2]                                       |A[2]                                       
A[1]                                       |A[1]                                       
A[0]                                       |A[0]                                       
Y[3]                                       |Y[3]                                       
Y[0]                                       |Y[0]                                       
Y[2]                                       |Y[2]                                       
Y[1]                                       |Y[1]                                       
Y[4]                                       |Y[4]                                       
---------------------------------------------------------------------------------------
Cell pin lists are equivalent.
Device classes lzc16 and lzc16 are equivalent.

Final result: Circuits match uniquely.
.
-----------------------------------------
Finish comparing spice netlist of lzc16 between:
Circuit 1: /home/me/group-02-vlsi-16-bit-zlc-counter/frontend/xschem/lzc16.spice (last modified: 2026-06-20 00:41:57)
Circuit 2: /home/me/group-02-vlsi-16-bit-zlc-counter/backend/magic/lzc16.spice (last modified: 2026-06-20 00:43:47)
Final result: Circuits match uniquely!
Report file: lzc16.log
-----------------------------------------
